// Jest Snapshot v1, https://goo.gl/fbAQLP

exports[`application 1`] = `
"<div class=\\"container\\">
    <div class=\\"jumbotron\\">
        <h1>Form to add RSS feed</h1><br>
        <form>
            <div class=\\"form-group row\\">
                <div class=\\"col\\"><label class=\\"sr-only\\" for=\\"inputRSS\\">label</label> <input type=\\"text\\" class=\\"form-control\\" id=\\"inputRSS\\" placeholder=\\"Enter data to add rss feed\\"></div>
                <div class=\\"col\\"><button type=\\"submit\\" class=\\"btn btn-primary\\">Add feed</button></div>
            </div>
        </form>
    </div>
</div>
<script src=\\"main.js\\"></script>"
`;
