// Jest Snapshot v1, https://goo.gl/fbAQLP

exports[`init testing init 1`] = `
"<html lang=\\"en\\">

<head>
    <meta charset=\\"utf-8\\">
    <meta name=\\"viewport\\" content=\\"width=device-width, initial-scale=1, shrink-to-fit=no\\">
    <title>RSS Reader</title>
</head>

<body>
    <div class=\\"container\\">
        <div class=\\"jumbotron\\">
            <h1>Form to add RSS feed</h1>
            <br>
            <p>description for jumbotron</p>
            <form>
                <div class=\\"form-group row\\">
                    <div class=\\"col\\">
                        <label class=\\"sr-only\\" for=\\"inputRSS\\">label</label>
                        <input type=\\"text\\" class=\\"form-control\\" id=\\"inputRSS\\" placeholder=\\"Enter data to add rss feed\\">
                    </div>
                    <div class=\\"col\\">
                        <button type=\\"submit\\" class=\\"btn btn-primary\\">Add feed</button>
                    </div>
                </div>
            </form>
        </div>
    </div>


</body>

</html>"
`;
